<!doctype html>
<html class="no-js" lang="">
<head>
	<meta charset="utf-8">
	<meta http-equiv="X-UA-Compatible" content="IE=edge">
	<title> </title>
	<meta name="description" content="">
	<meta name="viewport" content="width=device-width, initial-scale=1">
  <link  href="css/presentation.css" media="all" rel="stylesheet" />
  <link  href="css/layout.css" media="all" rel="stylesheet" />
  <link  href="css/print.css" media="print" rel="stylesheet" />

</head>
<body>

	<h1>Hello this is a foobar test</h1>

	<form action="#" role="search">
		<label for="search-a"></label>
		<input type="text" name="search-a" id="search-a">
		<button type="submit">Search</button>
	</form>
  
  <ul>
    <li><img src="img/txt_descargar.png" alt="" /></li>
    <li><img src="img/txt_bio.png" alt="" /></li>
    <li><img src="img/txt_conocimientos.png" alt="" /></li>
    <li><img src="img/txt_experiencia.png" alt="" /></li>
  </ul>

  <script src="js/common.js"></script>

	</body>
	</html>
